// Jest Snapshot v1, https://goo.gl/fbAQLP

exports[`user.mapper-with-factory should convert from database to domain with success 1`] = `
User {
  "_domainEvents": Array [],
  "_id": DomainId {
    "isNew": false,
    "props": Object {
      "value": "valid_id",
    },
  },
  "entityName": "User",
  "props": Object {
    "ID": DomainId {
      "isNew": false,
      "props": Object {
        "value": "valid_id",
      },
    },
    "createdAt": 2022-01-01T03:00:00.000Z,
    "updatedAt": 2022-01-01T03:00:00.000Z,
    "userBirthDay": BirthdayValueObject {
      "ONE_YEAR": 31536000902,
      "props": Object {
        "value": 2022-01-01T03:00:00.000Z,
      },
    },
    "userEmail": EmailValueObject {
      "props": Object {
        "value": "valid_email@domain.com",
      },
    },
    "userName": UserNameValueObject {
      "props": Object {
        "value": "Valid Name",
      },
    },
    "userPassword": PasswordValueObject {
      "props": Object {
        "value": "valid_pass",
      },
    },
  },
}
`;

exports[`user.mapper-with-factory should convert from domain to database with success 1`] = `
Object {
  "createdAt": 2022-01-01T03:00:00.000Z,
  "id": "valid_id",
  "updatedAt": 2022-01-01T03:00:00.000Z,
  "userBirthDay": 2022-01-01T03:00:00.000Z,
  "userEmail": "valid_email@domain.com",
  "userName": "Valid Name",
  "userPassword": "valid_pass",
}
`;
